Defaulting to user installation because normal site-packages is not writeable
Requirement already satisfied: opencv-python in /home/msayfiddinov/.local/lib/python3.10/site-packages (4.13.0.92)
Requirement already satisfied: timm in /home/msayfiddinov/.local/lib/python3.10/site-packages (1.0.27)
Requirement already satisfied: einops in /home/msayfiddinov/.local/lib/python3.10/site-packages (0.8.2)
Requirement already satisfied: torchinfo in /home/msayfiddinov/.local/lib/python3.10/site-packages (1.8.0)
Requirement already satisfied: numpy>=2 in /cluster/courses/cil/envs/envs/monocular-depth-estimation/lib/python3.10/site-packages (from opencv-python) (2.2.6)
Requirement already satisfied: torch in /cluster/courses/cil/envs/envs/monocular-depth-estimation/lib/python3.10/site-packages (from timm) (2.11.0+cu126)
Requirement already satisfied: torchvision in /cluster/courses/cil/envs/envs/monocular-depth-estimation/lib/python3.10/site-packages (from timm) (0.26.0+cu126)
Requirement already satisfied: pyyaml in /cluster/courses/cil/envs/envs/monocular-depth-estimation/lib/python3.10/site-packages (from timm) (6.0.3)
Requirement already satisfied: huggingface_hub in /home/msayfiddinov/.local/lib/python3.10/site-packages (from timm) (1.14.0)
Requirement already satisfied: safetensors in /home/msayfiddinov/.local/lib/python3.10/site-packages (from timm) (0.7.0)
Requirement already satisfied: filelock>=3.10.0 in /cluster/courses/cil/envs/envs/monocular-depth-estimation/lib/python3.10/site-packages (from huggingface_hub->timm) (3.25.2)
Requirement already satisfied: fsspec>=2023.5.0 in /cluster/courses/cil/envs/envs/monocular-depth-estimation/lib/python3.10/site-packages (from huggingface_hub->timm) (2026.2.0)
Requirement already satisfied: hf-xet<2.0.0,>=1.4.3 in /home/msayfiddinov/.local/lib/python3.10/site-packages (from huggingface_hub->timm) (1.5.0)
Requirement already satisfied: httpx<1,>=0.23.0 in /cluster/courses/cil/envs/envs/monocular-depth-estimation/lib/python3.10/site-packages (from huggingface_hub->timm) (0.28.1)
Requirement already satisfied: packaging>=20.9 in /cluster/courses/cil/envs/envs/monocular-depth-estimation/lib/python3.10/site-packages (from huggingface_hub->timm) (26.0)
Requirement already satisfied: tqdm>=4.42.1 in /cluster/courses/cil/envs/envs/monocular-depth-estimation/lib/python3.10/site-packages (from huggingface_hub->timm) (4.67.3)
Requirement already satisfied: typer>=0.20.0 in /home/msayfiddinov/.local/lib/python3.10/site-packages (from huggingface_hub->timm) (0.25.1)
Requirement already satisfied: typing-extensions>=4.1.0 in /cluster/courses/cil/envs/envs/monocular-depth-estimation/lib/python3.10/site-packages (from huggingface_hub->timm) (4.15.0)
Requirement already satisfied: anyio in /cluster/courses/cil/envs/envs/monocular-depth-estimation/lib/python3.10/site-packages (from httpx<1,>=0.23.0->huggingface_hub->timm) (4.13.0)
Requirement already satisfied: certifi in /cluster/courses/cil/envs/envs/monocular-depth-estimation/lib/python3.10/site-packages (from httpx<1,>=0.23.0->huggingface_hub->timm) (2026.2.25)
Requirement already satisfied: httpcore==1.* in /cluster/courses/cil/envs/envs/monocular-depth-estimation/lib/python3.10/site-packages (from httpx<1,>=0.23.0->huggingface_hub->timm) (1.0.9)
Requirement already satisfied: idna in /cluster/courses/cil/envs/envs/monocular-depth-estimation/lib/python3.10/site-packages (from httpx<1,>=0.23.0->huggingface_hub->timm) (3.11)
Requirement already satisfied: h11>=0.16 in /cluster/courses/cil/envs/envs/monocular-depth-estimation/lib/python3.10/site-packages (from httpcore==1.*->httpx<1,>=0.23.0->huggingface_hub->timm) (0.16.0)
Requirement already satisfied: click>=8.2.1 in /cluster/courses/cil/envs/envs/monocular-depth-estimation/lib/python3.10/site-packages (from typer>=0.20.0->huggingface_hub->timm) (8.3.1)
Requirement already satisfied: shellingham>=1.3.0 in /home/msayfiddinov/.local/lib/python3.10/site-packages (from typer>=0.20.0->huggingface_hub->timm) (1.5.4)
Requirement already satisfied: rich>=13.8.0 in /home/msayfiddinov/.local/lib/python3.10/site-packages (from typer>=0.20.0->huggingface_hub->timm) (15.0.0)
Requirement already satisfied: annotated-doc>=0.0.2 in /home/msayfiddinov/.local/lib/python3.10/site-packages (from typer>=0.20.0->huggingface_hub->timm) (0.0.4)
Requirement already satisfied: markdown-it-py>=2.2.0 in /home/msayfiddinov/.local/lib/python3.10/site-packages (from rich>=13.8.0->typer>=0.20.0->huggingface_hub->timm) (4.2.0)
Requirement already satisfied: pygments<3.0.0,>=2.13.0 in /cluster/courses/cil/envs/envs/monocular-depth-estimation/lib/python3.10/site-packages (from rich>=13.8.0->typer>=0.20.0->huggingface_hub->timm) (2.20.0)
Requirement already satisfied: mdurl~=0.1 in /home/msayfiddinov/.local/lib/python3.10/site-packages (from markdown-it-py>=2.2.0->rich>=13.8.0->typer>=0.20.0->huggingface_hub->timm) (0.1.2)
Requirement already satisfied: exceptiongroup>=1.0.2 in /cluster/courses/cil/envs/envs/monocular-depth-estimation/lib/python3.10/site-packages (from anyio->httpx<1,>=0.23.0->huggingface_hub->timm) (1.3.1)
Requirement already satisfied: setuptools<82 in /cluster/courses/cil/envs/envs/monocular-depth-estimation/lib/python3.10/site-packages (from torch->timm) (70.2.0)
Requirement already satisfied: sympy>=1.13.3 in /cluster/courses/cil/envs/envs/monocular-depth-estimation/lib/python3.10/site-packages (from torch->timm) (1.14.0)
Requirement already satisfied: networkx>=2.5.1 in /cluster/courses/cil/envs/envs/monocular-depth-estimation/lib/python3.10/site-packages (from torch->timm) (3.4.2)
Requirement already satisfied: jinja2 in /cluster/courses/cil/envs/envs/monocular-depth-estimation/lib/python3.10/site-packages (from torch->timm) (3.1.6)
Requirement already satisfied: cuda-toolkit==12.6.3 in /cluster/courses/cil/envs/envs/monocular-depth-estimation/lib/python3.10/site-packages (from cuda-toolkit[cublas,cudart,cufft,cufile,cupti,curand,cusolver,cusparse,nvjitlink,nvrtc,nvtx]==12.6.3; platform_system == "Linux"->torch->timm) (12.6.3)
Requirement already satisfied: cuda-bindings<13,>=12.9.4 in /cluster/courses/cil/envs/envs/monocular-depth-estimation/lib/python3.10/site-packages (from torch->timm) (12.9.4)
Requirement already satisfied: nvidia-cudnn-cu12==9.10.2.21 in /cluster/courses/cil/envs/envs/monocular-depth-estimation/lib/python3.10/site-packages (from torch->timm) (9.10.2.21)
Requirement already satisfied: nvidia-cusparselt-cu12==0.7.1 in /cluster/courses/cil/envs/envs/monocular-depth-estimation/lib/python3.10/site-packages (from torch->timm) (0.7.1)
Requirement already satisfied: nvidia-nccl-cu12==2.28.9 in /cluster/courses/cil/envs/envs/monocular-depth-estimation/lib/python3.10/site-packages (from torch->timm) (2.28.9)
Requirement already satisfied: nvidia-nvshmem-cu12==3.4.5 in /cluster/courses/cil/envs/envs/monocular-depth-estimation/lib/python3.10/site-packages (from torch->timm) (3.4.5)
Requirement already satisfied: triton==3.6.0 in /cluster/courses/cil/envs/envs/monocular-depth-estimation/lib/python3.10/site-packages (from torch->timm) (3.6.0)
Requirement already satisfied: nvidia-cufile-cu12==1.11.1.6.* in /cluster/courses/cil/envs/envs/monocular-depth-estimation/lib/python3.10/site-packages (from cuda-toolkit[cublas,cudart,cufft,cufile,cupti,curand,cusolver,cusparse,nvjitlink,nvrtc,nvtx]==12.6.3; platform_system == "Linux"->torch->timm) (1.11.1.6)
Requirement already satisfied: nvidia-cufft-cu12==11.3.0.4.* in /cluster/courses/cil/envs/envs/monocular-depth-estimation/lib/python3.10/site-packages (from cuda-toolkit[cublas,cudart,cufft,cufile,cupti,curand,cusolver,cusparse,nvjitlink,nvrtc,nvtx]==12.6.3; platform_system == "Linux"->torch->timm) (11.3.0.4)
Requirement already satisfied: nvidia-cusparse-cu12==12.5.4.2.* in /cluster/courses/cil/envs/envs/monocular-depth-estimation/lib/python3.10/site-packages (from cuda-toolkit[cublas,cudart,cufft,cufile,cupti,curand,cusolver,cusparse,nvjitlink,nvrtc,nvtx]==12.6.3; platform_system == "Linux"->torch->timm) (12.5.4.2)
Requirement already satisfied: nvidia-cuda-cupti-cu12==12.6.80.* in /cluster/courses/cil/envs/envs/monocular-depth-estimation/lib/python3.10/site-packages (from cuda-toolkit[cublas,cudart,cufft,cufile,cupti,curand,cusolver,cusparse,nvjitlink,nvrtc,nvtx]==12.6.3; platform_system == "Linux"->torch->timm) (12.6.80)
Requirement already satisfied: nvidia-curand-cu12==10.3.7.77.* in /cluster/courses/cil/envs/envs/monocular-depth-estimation/lib/python3.10/site-packages (from cuda-toolkit[cublas,cudart,cufft,cufile,cupti,curand,cusolver,cusparse,nvjitlink,nvrtc,nvtx]==12.6.3; platform_system == "Linux"->torch->timm) (10.3.7.77)
Requirement already satisfied: nvidia-cusolver-cu12==11.7.1.2.* in /cluster/courses/cil/envs/envs/monocular-depth-estimation/lib/python3.10/site-packages (from cuda-toolkit[cublas,cudart,cufft,cufile,cupti,curand,cusolver,cusparse,nvjitlink,nvrtc,nvtx]==12.6.3; platform_system == "Linux"->torch->timm) (11.7.1.2)
Requirement already satisfied: nvidia-cuda-nvrtc-cu12==12.6.85.* in /cluster/courses/cil/envs/envs/monocular-depth-estimation/lib/python3.10/site-packages (from cuda-toolkit[cublas,cudart,cufft,cufile,cupti,curand,cusolver,cusparse,nvjitlink,nvrtc,nvtx]==12.6.3; platform_system == "Linux"->torch->timm) (12.6.85)
Requirement already satisfied: nvidia-cuda-runtime-cu12==12.6.77.* in /cluster/courses/cil/envs/envs/monocular-depth-estimation/lib/python3.10/site-packages (from cuda-toolkit[cublas,cudart,cufft,cufile,cupti,curand,cusolver,cusparse,nvjitlink,nvrtc,nvtx]==12.6.3; platform_system == "Linux"->torch->timm) (12.6.77)
Requirement already satisfied: nvidia-nvjitlink-cu12==12.6.85.* in /cluster/courses/cil/envs/envs/monocular-depth-estimation/lib/python3.10/site-packages (from cuda-toolkit[cublas,cudart,cufft,cufile,cupti,curand,cusolver,cusparse,nvjitlink,nvrtc,nvtx]==12.6.3; platform_system == "Linux"->torch->timm) (12.6.85)
Requirement already satisfied: nvidia-nvtx-cu12==12.6.77.* in /cluster/courses/cil/envs/envs/monocular-depth-estimation/lib/python3.10/site-packages (from cuda-toolkit[cublas,cudart,cufft,cufile,cupti,curand,cusolver,cusparse,nvjitlink,nvrtc,nvtx]==12.6.3; platform_system == "Linux"->torch->timm) (12.6.77)
Requirement already satisfied: nvidia-cublas-cu12==12.6.4.1.* in /cluster/courses/cil/envs/envs/monocular-depth-estimation/lib/python3.10/site-packages (from cuda-toolkit[cublas,cudart,cufft,cufile,cupti,curand,cusolver,cusparse,nvjitlink,nvrtc,nvtx]==12.6.3; platform_system == "Linux"->torch->timm) (12.6.4.1)
Requirement already satisfied: cuda-pathfinder~=1.1 in /cluster/courses/cil/envs/envs/monocular-depth-estimation/lib/python3.10/site-packages (from cuda-bindings<13,>=12.9.4->torch->timm) (1.2.2)
Requirement already satisfied: mpmath<1.4,>=1.1.0 in /cluster/courses/cil/envs/envs/monocular-depth-estimation/lib/python3.10/site-packages (from sympy>=1.13.3->torch->timm) (1.3.0)
Requirement already satisfied: MarkupSafe>=2.0 in /cluster/courses/cil/envs/envs/monocular-depth-estimation/lib/python3.10/site-packages (from jinja2->torch->timm) (3.0.3)
Requirement already satisfied: pillow!=8.3.*,>=5.3.0 in /cluster/courses/cil/envs/envs/monocular-depth-estimation/lib/python3.10/site-packages (from torchvision->timm) (12.1.1)
Defaulting to user installation because normal site-packages is not writeable
Requirement already satisfied: gradio_imageslider in /home/msayfiddinov/.local/lib/python3.10/site-packages (from -r external/Depth-Anything-V2/requirements.txt (line 1)) (0.0.20)
Requirement already satisfied: gradio in /home/msayfiddinov/.local/lib/python3.10/site-packages (from -r external/Depth-Anything-V2/requirements.txt (line 2)) (6.14.0)
Requirement already satisfied: matplotlib in /cluster/courses/cil/envs/envs/monocular-depth-estimation/lib/python3.10/site-packages (from -r external/Depth-Anything-V2/requirements.txt (line 3)) (3.10.8)
Requirement already satisfied: opencv-python in /home/msayfiddinov/.local/lib/python3.10/site-packages (from -r external/Depth-Anything-V2/requirements.txt (line 4)) (4.13.0.92)
Requirement already satisfied: torch in /cluster/courses/cil/envs/envs/monocular-depth-estimation/lib/python3.10/site-packages (from -r external/Depth-Anything-V2/requirements.txt (line 5)) (2.11.0+cu126)
Requirement already satisfied: torchvision in /cluster/courses/cil/envs/envs/monocular-depth-estimation/lib/python3.10/site-packages (from -r external/Depth-Anything-V2/requirements.txt (line 6)) (0.26.0+cu126)
Requirement already satisfied: pillow in /cluster/courses/cil/envs/envs/monocular-depth-estimation/lib/python3.10/site-packages (from gradio_imageslider->-r external/Depth-Anything-V2/requirements.txt (line 1)) (12.1.1)
Requirement already satisfied: anyio<5.0,>=3.0 in /cluster/courses/cil/envs/envs/monocular-depth-estimation/lib/python3.10/site-packages (from gradio->-r external/Depth-Anything-V2/requirements.txt (line 2)) (4.13.0)
Requirement already satisfied: brotli>=1.1.0 in /home/msayfiddinov/.local/lib/python3.10/site-packages (from gradio->-r external/Depth-Anything-V2/requirements.txt (line 2)) (1.2.0)
Requirement already satisfied: fastapi<1.0,>=0.115.2 in /home/msayfiddinov/.local/lib/python3.10/site-packages (from gradio->-r external/Depth-Anything-V2/requirements.txt (line 2)) (0.136.1)
Requirement already satisfied: gradio-client==2.5.0 in /home/msayfiddinov/.local/lib/python3.10/site-packages (from gradio->-r external/Depth-Anything-V2/requirements.txt (line 2)) (2.5.0)
Requirement already satisfied: groovy~=0.1 in /home/msayfiddinov/.local/lib/python3.10/site-packages (from gradio->-r external/Depth-Anything-V2/requirements.txt (line 2)) (0.1.2)
Requirement already satisfied: hf-gradio<1.0,>=0.4.1 in /home/msayfiddinov/.local/lib/python3.10/site-packages (from gradio->-r external/Depth-Anything-V2/requirements.txt (line 2)) (0.4.1)
Requirement already satisfied: httpx<1.0,>=0.24.1 in /cluster/courses/cil/envs/envs/monocular-depth-estimation/lib/python3.10/site-packages (from gradio->-r external/Depth-Anything-V2/requirements.txt (line 2)) (0.28.1)
Requirement already satisfied: huggingface-hub<2.0,>=0.33.5 in /home/msayfiddinov/.local/lib/python3.10/site-packages (from gradio->-r external/Depth-Anything-V2/requirements.txt (line 2)) (1.14.0)
Requirement already satisfied: jinja2<4.0 in /cluster/courses/cil/envs/envs/monocular-depth-estimation/lib/python3.10/site-packages (from gradio->-r external/Depth-Anything-V2/requirements.txt (line 2)) (3.1.6)
Requirement already satisfied: markupsafe<4.0,>=2.0 in /cluster/courses/cil/envs/envs/monocular-depth-estimation/lib/python3.10/site-packages (from gradio->-r external/Depth-Anything-V2/requirements.txt (line 2)) (3.0.3)
Requirement already satisfied: numpy<3.0,>=1.0 in /cluster/courses/cil/envs/envs/monocular-depth-estimation/lib/python3.10/site-packages (from gradio->-r external/Depth-Anything-V2/requirements.txt (line 2)) (2.2.6)
Requirement already satisfied: orjson~=3.0 in /home/msayfiddinov/.local/lib/python3.10/site-packages (from gradio->-r external/Depth-Anything-V2/requirements.txt (line 2)) (3.11.9)
Requirement already satisfied: packaging in /cluster/courses/cil/envs/envs/monocular-depth-estimation/lib/python3.10/site-packages (from gradio->-r external/Depth-Anything-V2/requirements.txt (line 2)) (26.0)
Requirement already satisfied: pandas<4.0,>=1.0 in /cluster/courses/cil/envs/envs/monocular-depth-estimation/lib/python3.10/site-packages (from gradio->-r external/Depth-Anything-V2/requirements.txt (line 2)) (2.3.3)
Requirement already satisfied: pydantic<=3.0,>=2.0 in /cluster/courses/cil/envs/envs/monocular-depth-estimation/lib/python3.10/site-packages (from gradio->-r external/Depth-Anything-V2/requirements.txt (line 2)) (2.12.5)
Requirement already satisfied: pydub<1.0 in /home/msayfiddinov/.local/lib/python3.10/site-packages (from gradio->-r external/Depth-Anything-V2/requirements.txt (line 2)) (0.25.1)
Requirement already satisfied: python-multipart<1.0,>=0.0.18 in /home/msayfiddinov/.local/lib/python3.10/site-packages (from gradio->-r external/Depth-Anything-V2/requirements.txt (line 2)) (0.0.28)
Requirement already satisfied: pytz>=2017.2 in /cluster/courses/cil/envs/envs/monocular-depth-estimation/lib/python3.10/site-packages (from gradio->-r external/Depth-Anything-V2/requirements.txt (line 2)) (2026.1.post1)
Requirement already satisfied: pyyaml<7.0,>=5.0 in /cluster/courses/cil/envs/envs/monocular-depth-estimation/lib/python3.10/site-packages (from gradio->-r external/Depth-Anything-V2/requirements.txt (line 2)) (6.0.3)
Requirement already satisfied: safehttpx<0.2.0,>=0.1.7 in /home/msayfiddinov/.local/lib/python3.10/site-packages (from gradio->-r external/Depth-Anything-V2/requirements.txt (line 2)) (0.1.7)
Requirement already satisfied: semantic-version~=2.0 in /home/msayfiddinov/.local/lib/python3.10/site-packages (from gradio->-r external/Depth-Anything-V2/requirements.txt (line 2)) (2.10.0)
Requirement already satisfied: starlette<2.0,>=0.40.0 in /home/msayfiddinov/.local/lib/python3.10/site-packages (from gradio->-r external/Depth-Anything-V2/requirements.txt (line 2)) (1.0.0)
Requirement already satisfied: tomlkit<0.15.0,>=0.12.0 in /home/msayfiddinov/.local/lib/python3.10/site-packages (from gradio->-r external/Depth-Anything-V2/requirements.txt (line 2)) (0.14.0)
Requirement already satisfied: typer<1.0,>=0.12 in /home/msayfiddinov/.local/lib/python3.10/site-packages (from gradio->-r external/Depth-Anything-V2/requirements.txt (line 2)) (0.25.1)
Requirement already satisfied: typing-extensions~=4.0 in /cluster/courses/cil/envs/envs/monocular-depth-estimation/lib/python3.10/site-packages (from gradio->-r external/Depth-Anything-V2/requirements.txt (line 2)) (4.15.0)
Requirement already satisfied: uvicorn>=0.14.0 in /home/msayfiddinov/.local/lib/python3.10/site-packages (from gradio->-r external/Depth-Anything-V2/requirements.txt (line 2)) (0.46.0)
Requirement already satisfied: fsspec in /cluster/courses/cil/envs/envs/monocular-depth-estimation/lib/python3.10/site-packages (from gradio-client==2.5.0->gradio->-r external/Depth-Anything-V2/requirements.txt (line 2)) (2026.2.0)
Requirement already satisfied: exceptiongroup>=1.0.2 in /cluster/courses/cil/envs/envs/monocular-depth-estimation/lib/python3.10/site-packages (from anyio<5.0,>=3.0->gradio->-r external/Depth-Anything-V2/requirements.txt (line 2)) (1.3.1)
Requirement already satisfied: idna>=2.8 in /cluster/courses/cil/envs/envs/monocular-depth-estimation/lib/python3.10/site-packages (from anyio<5.0,>=3.0->gradio->-r external/Depth-Anything-V2/requirements.txt (line 2)) (3.11)
Requirement already satisfied: typing-inspection>=0.4.2 in /cluster/courses/cil/envs/envs/monocular-depth-estimation/lib/python3.10/site-packages (from fastapi<1.0,>=0.115.2->gradio->-r external/Depth-Anything-V2/requirements.txt (line 2)) (0.4.2)
Requirement already satisfied: annotated-doc>=0.0.2 in /home/msayfiddinov/.local/lib/python3.10/site-packages (from fastapi<1.0,>=0.115.2->gradio->-r external/Depth-Anything-V2/requirements.txt (line 2)) (0.0.4)
Requirement already satisfied: certifi in /cluster/courses/cil/envs/envs/monocular-depth-estimation/lib/python3.10/site-packages (from httpx<1.0,>=0.24.1->gradio->-r external/Depth-Anything-V2/requirements.txt (line 2)) (2026.2.25)
Requirement already satisfied: httpcore==1.* in /cluster/courses/cil/envs/envs/monocular-depth-estimation/lib/python3.10/site-packages (from httpx<1.0,>=0.24.1->gradio->-r external/Depth-Anything-V2/requirements.txt (line 2)) (1.0.9)
Requirement already satisfied: h11>=0.16 in /cluster/courses/cil/envs/envs/monocular-depth-estimation/lib/python3.10/site-packages (from httpcore==1.*->httpx<1.0,>=0.24.1->gradio->-r external/Depth-Anything-V2/requirements.txt (line 2)) (0.16.0)
Requirement already satisfied: filelock>=3.10.0 in /cluster/courses/cil/envs/envs/monocular-depth-estimation/lib/python3.10/site-packages (from huggingface-hub<2.0,>=0.33.5->gradio->-r external/Depth-Anything-V2/requirements.txt (line 2)) (3.25.2)
Requirement already satisfied: hf-xet<2.0.0,>=1.4.3 in /home/msayfiddinov/.local/lib/python3.10/site-packages (from huggingface-hub<2.0,>=0.33.5->gradio->-r external/Depth-Anything-V2/requirements.txt (line 2)) (1.5.0)
Requirement already satisfied: tqdm>=4.42.1 in /cluster/courses/cil/envs/envs/monocular-depth-estimation/lib/python3.10/site-packages (from huggingface-hub<2.0,>=0.33.5->gradio->-r external/Depth-Anything-V2/requirements.txt (line 2)) (4.67.3)
Requirement already satisfied: python-dateutil>=2.8.2 in /cluster/courses/cil/envs/envs/monocular-depth-estimation/lib/python3.10/site-packages (from pandas<4.0,>=1.0->gradio->-r external/Depth-Anything-V2/requirements.txt (line 2)) (2.9.0.post0)
Requirement already satisfied: tzdata>=2022.7 in /cluster/courses/cil/envs/envs/monocular-depth-estimation/lib/python3.10/site-packages (from pandas<4.0,>=1.0->gradio->-r external/Depth-Anything-V2/requirements.txt (line 2)) (2025.3)
Requirement already satisfied: annotated-types>=0.6.0 in /cluster/courses/cil/envs/envs/monocular-depth-estimation/lib/python3.10/site-packages (from pydantic<=3.0,>=2.0->gradio->-r external/Depth-Anything-V2/requirements.txt (line 2)) (0.7.0)
Requirement already satisfied: pydantic-core==2.41.5 in /cluster/courses/cil/envs/envs/monocular-depth-estimation/lib/python3.10/site-packages (from pydantic<=3.0,>=2.0->gradio->-r external/Depth-Anything-V2/requirements.txt (line 2)) (2.41.5)
Requirement already satisfied: click>=8.2.1 in /cluster/courses/cil/envs/envs/monocular-depth-estimation/lib/python3.10/site-packages (from typer<1.0,>=0.12->gradio->-r external/Depth-Anything-V2/requirements.txt (line 2)) (8.3.1)
Requirement already satisfied: shellingham>=1.3.0 in /home/msayfiddinov/.local/lib/python3.10/site-packages (from typer<1.0,>=0.12->gradio->-r external/Depth-Anything-V2/requirements.txt (line 2)) (1.5.4)
Requirement already satisfied: rich>=13.8.0 in /home/msayfiddinov/.local/lib/python3.10/site-packages (from typer<1.0,>=0.12->gradio->-r external/Depth-Anything-V2/requirements.txt (line 2)) (15.0.0)
Requirement already satisfied: contourpy>=1.0.1 in /cluster/courses/cil/envs/envs/monocular-depth-estimation/lib/python3.10/site-packages (from matplotlib->-r external/Depth-Anything-V2/requirements.txt (line 3)) (1.3.2)
Requirement already satisfied: cycler>=0.10 in /cluster/courses/cil/envs/envs/monocular-depth-estimation/lib/python3.10/site-packages (from matplotlib->-r external/Depth-Anything-V2/requirements.txt (line 3)) (0.12.1)
Requirement already satisfied: fonttools>=4.22.0 in /cluster/courses/cil/envs/envs/monocular-depth-estimation/lib/python3.10/site-packages (from matplotlib->-r external/Depth-Anything-V2/requirements.txt (line 3)) (4.62.1)
Requirement already satisfied: kiwisolver>=1.3.1 in /cluster/courses/cil/envs/envs/monocular-depth-estimation/lib/python3.10/site-packages (from matplotlib->-r external/Depth-Anything-V2/requirements.txt (line 3)) (1.5.0)
Requirement already satisfied: pyparsing>=3 in /cluster/courses/cil/envs/envs/monocular-depth-estimation/lib/python3.10/site-packages (from matplotlib->-r external/Depth-Anything-V2/requirements.txt (line 3)) (3.3.2)
Requirement already satisfied: setuptools<82 in /cluster/courses/cil/envs/envs/monocular-depth-estimation/lib/python3.10/site-packages (from torch->-r external/Depth-Anything-V2/requirements.txt (line 5)) (70.2.0)
Requirement already satisfied: sympy>=1.13.3 in /cluster/courses/cil/envs/envs/monocular-depth-estimation/lib/python3.10/site-packages (from torch->-r external/Depth-Anything-V2/requirements.txt (line 5)) (1.14.0)
Requirement already satisfied: networkx>=2.5.1 in /cluster/courses/cil/envs/envs/monocular-depth-estimation/lib/python3.10/site-packages (from torch->-r external/Depth-Anything-V2/requirements.txt (line 5)) (3.4.2)
Requirement already satisfied: cuda-toolkit==12.6.3 in /cluster/courses/cil/envs/envs/monocular-depth-estimation/lib/python3.10/site-packages (from cuda-toolkit[cublas,cudart,cufft,cufile,cupti,curand,cusolver,cusparse,nvjitlink,nvrtc,nvtx]==12.6.3; platform_system == "Linux"->torch->-r external/Depth-Anything-V2/requirements.txt (line 5)) (12.6.3)
Requirement already satisfied: cuda-bindings<13,>=12.9.4 in /cluster/courses/cil/envs/envs/monocular-depth-estimation/lib/python3.10/site-packages (from torch->-r external/Depth-Anything-V2/requirements.txt (line 5)) (12.9.4)
Requirement already satisfied: nvidia-cudnn-cu12==9.10.2.21 in /cluster/courses/cil/envs/envs/monocular-depth-estimation/lib/python3.10/site-packages (from torch->-r external/Depth-Anything-V2/requirements.txt (line 5)) (9.10.2.21)
Requirement already satisfied: nvidia-cusparselt-cu12==0.7.1 in /cluster/courses/cil/envs/envs/monocular-depth-estimation/lib/python3.10/site-packages (from torch->-r external/Depth-Anything-V2/requirements.txt (line 5)) (0.7.1)
Requirement already satisfied: nvidia-nccl-cu12==2.28.9 in /cluster/courses/cil/envs/envs/monocular-depth-estimation/lib/python3.10/site-packages (from torch->-r external/Depth-Anything-V2/requirements.txt (line 5)) (2.28.9)
Requirement already satisfied: nvidia-nvshmem-cu12==3.4.5 in /cluster/courses/cil/envs/envs/monocular-depth-estimation/lib/python3.10/site-packages (from torch->-r external/Depth-Anything-V2/requirements.txt (line 5)) (3.4.5)
Requirement already satisfied: triton==3.6.0 in /cluster/courses/cil/envs/envs/monocular-depth-estimation/lib/python3.10/site-packages (from torch->-r external/Depth-Anything-V2/requirements.txt (line 5)) (3.6.0)
Requirement already satisfied: nvidia-cuda-cupti-cu12==12.6.80.* in /cluster/courses/cil/envs/envs/monocular-depth-estimation/lib/python3.10/site-packages (from cuda-toolkit[cublas,cudart,cufft,cufile,cupti,curand,cusolver,cusparse,nvjitlink,nvrtc,nvtx]==12.6.3; platform_system == "Linux"->torch->-r external/Depth-Anything-V2/requirements.txt (line 5)) (12.6.80)
Requirement already satisfied: nvidia-curand-cu12==10.3.7.77.* in /cluster/courses/cil/envs/envs/monocular-depth-estimation/lib/python3.10/site-packages (from cuda-toolkit[cublas,cudart,cufft,cufile,cupti,curand,cusolver,cusparse,nvjitlink,nvrtc,nvtx]==12.6.3; platform_system == "Linux"->torch->-r external/Depth-Anything-V2/requirements.txt (line 5)) (10.3.7.77)
Requirement already satisfied: nvidia-cublas-cu12==12.6.4.1.* in /cluster/courses/cil/envs/envs/monocular-depth-estimation/lib/python3.10/site-packages (from cuda-toolkit[cublas,cudart,cufft,cufile,cupti,curand,cusolver,cusparse,nvjitlink,nvrtc,nvtx]==12.6.3; platform_system == "Linux"->torch->-r external/Depth-Anything-V2/requirements.txt (line 5)) (12.6.4.1)
Requirement already satisfied: nvidia-cusparse-cu12==12.5.4.2.* in /cluster/courses/cil/envs/envs/monocular-depth-estimation/lib/python3.10/site-packages (from cuda-toolkit[cublas,cudart,cufft,cufile,cupti,curand,cusolver,cusparse,nvjitlink,nvrtc,nvtx]==12.6.3; platform_system == "Linux"->torch->-r external/Depth-Anything-V2/requirements.txt (line 5)) (12.5.4.2)
Requirement already satisfied: nvidia-cufile-cu12==1.11.1.6.* in /cluster/courses/cil/envs/envs/monocular-depth-estimation/lib/python3.10/site-packages (from cuda-toolkit[cublas,cudart,cufft,cufile,cupti,curand,cusolver,cusparse,nvjitlink,nvrtc,nvtx]==12.6.3; platform_system == "Linux"->torch->-r external/Depth-Anything-V2/requirements.txt (line 5)) (1.11.1.6)
Requirement already satisfied: nvidia-cuda-nvrtc-cu12==12.6.85.* in /cluster/courses/cil/envs/envs/monocular-depth-estimation/lib/python3.10/site-packages (from cuda-toolkit[cublas,cudart,cufft,cufile,cupti,curand,cusolver,cusparse,nvjitlink,nvrtc,nvtx]==12.6.3; platform_system == "Linux"->torch->-r external/Depth-Anything-V2/requirements.txt (line 5)) (12.6.85)
Requirement already satisfied: nvidia-cuda-runtime-cu12==12.6.77.* in /cluster/courses/cil/envs/envs/monocular-depth-estimation/lib/python3.10/site-packages (from cuda-toolkit[cublas,cudart,cufft,cufile,cupti,curand,cusolver,cusparse,nvjitlink,nvrtc,nvtx]==12.6.3; platform_system == "Linux"->torch->-r external/Depth-Anything-V2/requirements.txt (line 5)) (12.6.77)
Requirement already satisfied: nvidia-cufft-cu12==11.3.0.4.* in /cluster/courses/cil/envs/envs/monocular-depth-estimation/lib/python3.10/site-packages (from cuda-toolkit[cublas,cudart,cufft,cufile,cupti,curand,cusolver,cusparse,nvjitlink,nvrtc,nvtx]==12.6.3; platform_system == "Linux"->torch->-r external/Depth-Anything-V2/requirements.txt (line 5)) (11.3.0.4)
Requirement already satisfied: nvidia-nvtx-cu12==12.6.77.* in /cluster/courses/cil/envs/envs/monocular-depth-estimation/lib/python3.10/site-packages (from cuda-toolkit[cublas,cudart,cufft,cufile,cupti,curand,cusolver,cusparse,nvjitlink,nvrtc,nvtx]==12.6.3; platform_system == "Linux"->torch->-r external/Depth-Anything-V2/requirements.txt (line 5)) (12.6.77)
Requirement already satisfied: nvidia-cusolver-cu12==11.7.1.2.* in /cluster/courses/cil/envs/envs/monocular-depth-estimation/lib/python3.10/site-packages (from cuda-toolkit[cublas,cudart,cufft,cufile,cupti,curand,cusolver,cusparse,nvjitlink,nvrtc,nvtx]==12.6.3; platform_system == "Linux"->torch->-r external/Depth-Anything-V2/requirements.txt (line 5)) (11.7.1.2)
Requirement already satisfied: nvidia-nvjitlink-cu12==12.6.85.* in /cluster/courses/cil/envs/envs/monocular-depth-estimation/lib/python3.10/site-packages (from cuda-toolkit[cublas,cudart,cufft,cufile,cupti,curand,cusolver,cusparse,nvjitlink,nvrtc,nvtx]==12.6.3; platform_system == "Linux"->torch->-r external/Depth-Anything-V2/requirements.txt (line 5)) (12.6.85)
Requirement already satisfied: cuda-pathfinder~=1.1 in /cluster/courses/cil/envs/envs/monocular-depth-estimation/lib/python3.10/site-packages (from cuda-bindings<13,>=12.9.4->torch->-r external/Depth-Anything-V2/requirements.txt (line 5)) (1.2.2)
Requirement already satisfied: six>=1.5 in /cluster/courses/cil/envs/envs/monocular-depth-estimation/lib/python3.10/site-packages (from python-dateutil>=2.8.2->pandas<4.0,>=1.0->gradio->-r external/Depth-Anything-V2/requirements.txt (line 2)) (1.17.0)
Requirement already satisfied: markdown-it-py>=2.2.0 in /home/msayfiddinov/.local/lib/python3.10/site-packages (from rich>=13.8.0->typer<1.0,>=0.12->gradio->-r external/Depth-Anything-V2/requirements.txt (line 2)) (4.2.0)
Requirement already satisfied: pygments<3.0.0,>=2.13.0 in /cluster/courses/cil/envs/envs/monocular-depth-estimation/lib/python3.10/site-packages (from rich>=13.8.0->typer<1.0,>=0.12->gradio->-r external/Depth-Anything-V2/requirements.txt (line 2)) (2.20.0)
Requirement already satisfied: mdurl~=0.1 in /home/msayfiddinov/.local/lib/python3.10/site-packages (from markdown-it-py>=2.2.0->rich>=13.8.0->typer<1.0,>=0.12->gradio->-r external/Depth-Anything-V2/requirements.txt (line 2)) (0.1.2)
Requirement already satisfied: mpmath<1.4,>=1.1.0 in /cluster/courses/cil/envs/envs/monocular-depth-estimation/lib/python3.10/site-packages (from sympy>=1.13.3->torch->-r external/Depth-Anything-V2/requirements.txt (line 5)) (1.3.0)
Device: cuda
VJepa loaded.
==========================================================================================
Layer (type:depth-idx)                   Output Shape              Param #
==========================================================================================
VisionTransformer                        [1, 576, 1024]            1,575,936
├─PatchEmbed3D: 1-1                      [1, 576, 1024]            --
│    └─Conv3d: 2-1                       [1, 1024, 1, 24, 24]      787,456
├─ModuleList: 1-8                        --                        (recursive)
│    └─Block: 2-2                        [1, 576, 1024]            --
│    │    └─LayerNorm: 3-1               [1, 576, 1024]            2,048
│    │    └─RoPEAttention: 3-2           [1, 576, 1024]            4,198,400
│    │    └─Identity: 3-3                [1, 576, 1024]            --
│    │    └─LayerNorm: 3-4               [1, 576, 1024]            2,048
│    │    └─MLP: 3-5                     [1, 576, 1024]            8,393,728
│    │    └─Identity: 3-6                [1, 576, 1024]            --
│    └─Block: 2-3                        [1, 576, 1024]            --
│    │    └─LayerNorm: 3-7               [1, 576, 1024]            2,048
│    │    └─RoPEAttention: 3-8           [1, 576, 1024]            4,198,400
│    │    └─Identity: 3-9                [1, 576, 1024]            --
│    │    └─LayerNorm: 3-10              [1, 576, 1024]            2,048
│    │    └─MLP: 3-11                    [1, 576, 1024]            8,393,728
│    │    └─Identity: 3-12               [1, 576, 1024]            --
│    └─Block: 2-4                        [1, 576, 1024]            --
│    │    └─LayerNorm: 3-13              [1, 576, 1024]            2,048
│    │    └─RoPEAttention: 3-14          [1, 576, 1024]            4,198,400
│    │    └─Identity: 3-15               [1, 576, 1024]            --
│    │    └─LayerNorm: 3-16              [1, 576, 1024]            2,048
│    │    └─MLP: 3-17                    [1, 576, 1024]            8,393,728
│    │    └─Identity: 3-18               [1, 576, 1024]            --
│    └─Block: 2-5                        [1, 576, 1024]            --
│    │    └─LayerNorm: 3-19              [1, 576, 1024]            2,048
│    │    └─RoPEAttention: 3-20          [1, 576, 1024]            4,198,400
│    │    └─Identity: 3-21               [1, 576, 1024]            --
│    │    └─LayerNorm: 3-22              [1, 576, 1024]            2,048
│    │    └─MLP: 3-23                    [1, 576, 1024]            8,393,728
│    │    └─Identity: 3-24               [1, 576, 1024]            --
│    └─Block: 2-6                        [1, 576, 1024]            --
│    │    └─LayerNorm: 3-25              [1, 576, 1024]            2,048
│    │    └─RoPEAttention: 3-26          [1, 576, 1024]            4,198,400
│    │    └─Identity: 3-27               [1, 576, 1024]            --
│    │    └─LayerNorm: 3-28              [1, 576, 1024]            2,048
│    │    └─MLP: 3-29                    [1, 576, 1024]            8,393,728
│    │    └─Identity: 3-30               [1, 576, 1024]            --
│    └─Block: 2-7                        [1, 576, 1024]            --
│    │    └─LayerNorm: 3-31              [1, 576, 1024]            2,048
│    │    └─RoPEAttention: 3-32          [1, 576, 1024]            4,198,400
│    │    └─Identity: 3-33               [1, 576, 1024]            --
│    │    └─LayerNorm: 3-34              [1, 576, 1024]            2,048
│    │    └─MLP: 3-35                    [1, 576, 1024]            8,393,728
│    │    └─Identity: 3-36               [1, 576, 1024]            --
├─ModuleList: 1-9                        --                        (recursive)
│    └─LayerNorm: 2-8                    [1, 576, 1024]            2,048
├─ModuleList: 1-8                        --                        (recursive)
│    └─Block: 2-9                        [1, 576, 1024]            --
│    │    └─LayerNorm: 3-37              [1, 576, 1024]            2,048
│    │    └─RoPEAttention: 3-38          [1, 576, 1024]            4,198,400
│    │    └─Identity: 3-39               [1, 576, 1024]            --
│    │    └─LayerNorm: 3-40              [1, 576, 1024]            2,048
│    │    └─MLP: 3-41                    [1, 576, 1024]            8,393,728
│    │    └─Identity: 3-42               [1, 576, 1024]            --
│    └─Block: 2-10                       [1, 576, 1024]            --
│    │    └─LayerNorm: 3-43              [1, 576, 1024]            2,048
│    │    └─RoPEAttention: 3-44          [1, 576, 1024]            4,198,400
│    │    └─Identity: 3-45               [1, 576, 1024]            --
│    │    └─LayerNorm: 3-46              [1, 576, 1024]            2,048
│    │    └─MLP: 3-47                    [1, 576, 1024]            8,393,728
│    │    └─Identity: 3-48               [1, 576, 1024]            --
│    └─Block: 2-11                       [1, 576, 1024]            --
│    │    └─LayerNorm: 3-49              [1, 576, 1024]            2,048
│    │    └─RoPEAttention: 3-50          [1, 576, 1024]            4,198,400
│    │    └─Identity: 3-51               [1, 576, 1024]            --
│    │    └─LayerNorm: 3-52              [1, 576, 1024]            2,048
│    │    └─MLP: 3-53                    [1, 576, 1024]            8,393,728
│    │    └─Identity: 3-54               [1, 576, 1024]            --
│    └─Block: 2-12                       [1, 576, 1024]            --
│    │    └─LayerNorm: 3-55              [1, 576, 1024]            2,048
│    │    └─RoPEAttention: 3-56          [1, 576, 1024]            4,198,400
│    │    └─Identity: 3-57               [1, 576, 1024]            --
│    │    └─LayerNorm: 3-58              [1, 576, 1024]            2,048
│    │    └─MLP: 3-59                    [1, 576, 1024]            8,393,728
│    │    └─Identity: 3-60               [1, 576, 1024]            --
│    └─Block: 2-13                       [1, 576, 1024]            --
│    │    └─LayerNorm: 3-61              [1, 576, 1024]            2,048
│    │    └─RoPEAttention: 3-62          [1, 576, 1024]            4,198,400
│    │    └─Identity: 3-63               [1, 576, 1024]            --
│    │    └─LayerNorm: 3-64              [1, 576, 1024]            2,048
│    │    └─MLP: 3-65                    [1, 576, 1024]            8,393,728
│    │    └─Identity: 3-66               [1, 576, 1024]            --
│    └─Block: 2-14                       [1, 576, 1024]            --
│    │    └─LayerNorm: 3-67              [1, 576, 1024]            2,048
│    │    └─RoPEAttention: 3-68          [1, 576, 1024]            4,198,400
│    │    └─Identity: 3-69               [1, 576, 1024]            --
│    │    └─LayerNorm: 3-70              [1, 576, 1024]            2,048
│    │    └─MLP: 3-71                    [1, 576, 1024]            8,393,728
│    │    └─Identity: 3-72               [1, 576, 1024]            --
├─ModuleList: 1-9                        --                        (recursive)
│    └─LayerNorm: 2-15                   [1, 576, 1024]            2,048
├─ModuleList: 1-8                        --                        (recursive)
│    └─Block: 2-16                       [1, 576, 1024]            --
│    │    └─LayerNorm: 3-73              [1, 576, 1024]            2,048
│    │    └─RoPEAttention: 3-74          [1, 576, 1024]            4,198,400
│    │    └─Identity: 3-75               [1, 576, 1024]            --
│    │    └─LayerNorm: 3-76              [1, 576, 1024]            2,048
│    │    └─MLP: 3-77                    [1, 576, 1024]            8,393,728
│    │    └─Identity: 3-78               [1, 576, 1024]            --
│    └─Block: 2-17                       [1, 576, 1024]            --
│    │    └─LayerNorm: 3-79              [1, 576, 1024]            2,048
│    │    └─RoPEAttention: 3-80          [1, 576, 1024]            4,198,400
│    │    └─Identity: 3-81               [1, 576, 1024]            --
│    │    └─LayerNorm: 3-82              [1, 576, 1024]            2,048
│    │    └─MLP: 3-83                    [1, 576, 1024]            8,393,728
│    │    └─Identity: 3-84               [1, 576, 1024]            --
│    └─Block: 2-18                       [1, 576, 1024]            --
│    │    └─LayerNorm: 3-85              [1, 576, 1024]            2,048
│    │    └─RoPEAttention: 3-86          [1, 576, 1024]            4,198,400
│    │    └─Identity: 3-87               [1, 576, 1024]            --
│    │    └─LayerNorm: 3-88              [1, 576, 1024]            2,048
│    │    └─MLP: 3-89                    [1, 576, 1024]            8,393,728
│    │    └─Identity: 3-90               [1, 576, 1024]            --
│    └─Block: 2-19                       [1, 576, 1024]            --
│    │    └─LayerNorm: 3-91              [1, 576, 1024]            2,048
│    │    └─RoPEAttention: 3-92          [1, 576, 1024]            4,198,400
│    │    └─Identity: 3-93               [1, 576, 1024]            --
│    │    └─LayerNorm: 3-94              [1, 576, 1024]            2,048
│    │    └─MLP: 3-95                    [1, 576, 1024]            8,393,728
│    │    └─Identity: 3-96               [1, 576, 1024]            --
│    └─Block: 2-20                       [1, 576, 1024]            --
│    │    └─LayerNorm: 3-97              [1, 576, 1024]            2,048
│    │    └─RoPEAttention: 3-98          [1, 576, 1024]            4,198,400
│    │    └─Identity: 3-99               [1, 576, 1024]            --
│    │    └─LayerNorm: 3-100             [1, 576, 1024]            2,048
│    │    └─MLP: 3-101                   [1, 576, 1024]            8,393,728
│    │    └─Identity: 3-102              [1, 576, 1024]            --
│    └─Block: 2-21                       [1, 576, 1024]            --
│    │    └─LayerNorm: 3-103             [1, 576, 1024]            2,048
│    │    └─RoPEAttention: 3-104         [1, 576, 1024]            4,198,400
│    │    └─Identity: 3-105              [1, 576, 1024]            --
│    │    └─LayerNorm: 3-106             [1, 576, 1024]            2,048
│    │    └─MLP: 3-107                   [1, 576, 1024]            8,393,728
│    │    └─Identity: 3-108              [1, 576, 1024]            --
├─ModuleList: 1-9                        --                        (recursive)
│    └─LayerNorm: 2-22                   [1, 576, 1024]            2,048
├─ModuleList: 1-8                        --                        (recursive)
│    └─Block: 2-23                       [1, 576, 1024]            --
│    │    └─LayerNorm: 3-109             [1, 576, 1024]            2,048
│    │    └─RoPEAttention: 3-110         [1, 576, 1024]            4,198,400
│    │    └─Identity: 3-111              [1, 576, 1024]            --
│    │    └─LayerNorm: 3-112             [1, 576, 1024]            2,048
│    │    └─MLP: 3-113                   [1, 576, 1024]            8,393,728
│    │    └─Identity: 3-114              [1, 576, 1024]            --
│    └─Block: 2-24                       [1, 576, 1024]            --
│    │    └─LayerNorm: 3-115             [1, 576, 1024]            2,048
│    │    └─RoPEAttention: 3-116         [1, 576, 1024]            4,198,400
│    │    └─Identity: 3-117              [1, 576, 1024]            --
│    │    └─LayerNorm: 3-118             [1, 576, 1024]            2,048
│    │    └─MLP: 3-119                   [1, 576, 1024]            8,393,728
│    │    └─Identity: 3-120              [1, 576, 1024]            --
│    └─Block: 2-25                       [1, 576, 1024]            --
│    │    └─LayerNorm: 3-121             [1, 576, 1024]            2,048
│    │    └─RoPEAttention: 3-122         [1, 576, 1024]            4,198,400
│    │    └─Identity: 3-123              [1, 576, 1024]            --
│    │    └─LayerNorm: 3-124             [1, 576, 1024]            2,048
│    │    └─MLP: 3-125                   [1, 576, 1024]            8,393,728
│    │    └─Identity: 3-126              [1, 576, 1024]            --
│    └─Block: 2-26                       [1, 576, 1024]            --
│    │    └─LayerNorm: 3-127             [1, 576, 1024]            2,048
│    │    └─RoPEAttention: 3-128         [1, 576, 1024]            4,198,400
│    │    └─Identity: 3-129              [1, 576, 1024]            --
│    │    └─LayerNorm: 3-130             [1, 576, 1024]            2,048
│    │    └─MLP: 3-131                   [1, 576, 1024]            8,393,728
│    │    └─Identity: 3-132              [1, 576, 1024]            --
│    └─Block: 2-27                       [1, 576, 1024]            --
│    │    └─LayerNorm: 3-133             [1, 576, 1024]            2,048
│    │    └─RoPEAttention: 3-134         [1, 576, 1024]            4,198,400
│    │    └─Identity: 3-135              [1, 576, 1024]            --
│    │    └─LayerNorm: 3-136             [1, 576, 1024]            2,048
│    │    └─MLP: 3-137                   [1, 576, 1024]            8,393,728
│    │    └─Identity: 3-138              [1, 576, 1024]            --
│    └─Block: 2-28                       [1, 576, 1024]            --
│    │    └─LayerNorm: 3-139             [1, 576, 1024]            2,048
│    │    └─RoPEAttention: 3-140         [1, 576, 1024]            4,198,400
│    │    └─Identity: 3-141              [1, 576, 1024]            --
│    │    └─LayerNorm: 3-142             [1, 576, 1024]            2,048
│    │    └─MLP: 3-143                   [1, 576, 1024]            8,393,728
│    │    └─Identity: 3-144              [1, 576, 1024]            --
├─ModuleList: 1-9                        --                        (recursive)
│    └─LayerNorm: 2-29                   [1, 576, 1024]            2,048
│    └─LayerNorm: 2-30                   [1, 576, 1024]            (recursive)
==========================================================================================
Total params: 304,680,960
Trainable params: 304,680,960
Non-trainable params: 0
Total mult-adds (M): 755.89
==========================================================================================
Input size (MB): 1.77
Forward/backward pass size (MB): 1274.02
Params size (MB): 1212.42
Estimated Total Size (MB): 2488.21
==========================================================================================
DepthAnything loaded.
====================================================================================================
Layer (type:depth-idx)                             Output Shape              Param #
====================================================================================================
DepthAnythingV2                                    [1, 392, 392]             --
├─DinoVisionTransformer: 1-1                       --                        1,404,928
│    └─PatchEmbed: 2-1                             [1, 784, 1024]            --
│    │    └─Conv2d: 3-1                            [1, 1024, 28, 28]         603,136
│    │    └─Identity: 3-2                          [1, 784, 1024]            --
│    └─ModuleList: 2-2                             --                        --
│    │    └─NestedTensorBlock: 3-3                 [1, 785, 1024]            12,598,272
│    │    └─NestedTensorBlock: 3-4                 [1, 785, 1024]            12,598,272
│    │    └─NestedTensorBlock: 3-5                 [1, 785, 1024]            12,598,272
│    │    └─NestedTensorBlock: 3-6                 [1, 785, 1024]            12,598,272
│    │    └─NestedTensorBlock: 3-7                 [1, 785, 1024]            12,598,272
│    │    └─NestedTensorBlock: 3-8                 [1, 785, 1024]            12,598,272
│    │    └─NestedTensorBlock: 3-9                 [1, 785, 1024]            12,598,272
│    │    └─NestedTensorBlock: 3-10                [1, 785, 1024]            12,598,272
│    │    └─NestedTensorBlock: 3-11                [1, 785, 1024]            12,598,272
│    │    └─NestedTensorBlock: 3-12                [1, 785, 1024]            12,598,272
│    │    └─NestedTensorBlock: 3-13                [1, 785, 1024]            12,598,272
│    │    └─NestedTensorBlock: 3-14                [1, 785, 1024]            12,598,272
│    │    └─NestedTensorBlock: 3-15                [1, 785, 1024]            12,598,272
│    │    └─NestedTensorBlock: 3-16                [1, 785, 1024]            12,598,272
│    │    └─NestedTensorBlock: 3-17                [1, 785, 1024]            12,598,272
│    │    └─NestedTensorBlock: 3-18                [1, 785, 1024]            12,598,272
│    │    └─NestedTensorBlock: 3-19                [1, 785, 1024]            12,598,272
│    │    └─NestedTensorBlock: 3-20                [1, 785, 1024]            12,598,272
│    │    └─NestedTensorBlock: 3-21                [1, 785, 1024]            12,598,272
│    │    └─NestedTensorBlock: 3-22                [1, 785, 1024]            12,598,272
│    │    └─NestedTensorBlock: 3-23                [1, 785, 1024]            12,598,272
│    │    └─NestedTensorBlock: 3-24                [1, 785, 1024]            12,598,272
│    │    └─NestedTensorBlock: 3-25                [1, 785, 1024]            12,598,272
│    │    └─NestedTensorBlock: 3-26                [1, 785, 1024]            12,598,272
│    └─LayerNorm: 2-3                              [1, 785, 1024]            2,048
│    └─LayerNorm: 2-4                              [1, 785, 1024]            (recursive)
│    └─LayerNorm: 2-5                              [1, 785, 1024]            (recursive)
│    └─LayerNorm: 2-6                              [1, 785, 1024]            (recursive)
├─DPTHead: 1-2                                     [1, 1, 392, 392]          --
│    └─ModuleList: 2-13                            --                        (recursive)
│    │    └─Conv2d: 3-27                           [1, 256, 28, 28]          262,400
│    └─ModuleList: 2-14                            --                        (recursive)
│    │    └─ConvTranspose2d: 3-28                  [1, 256, 112, 112]        1,048,832
│    └─ModuleList: 2-13                            --                        (recursive)
│    │    └─Conv2d: 3-29                           [1, 512, 28, 28]          524,800
│    └─ModuleList: 2-14                            --                        (recursive)
│    │    └─ConvTranspose2d: 3-30                  [1, 512, 56, 56]          1,049,088
│    └─ModuleList: 2-13                            --                        (recursive)
│    │    └─Conv2d: 3-31                           [1, 1024, 28, 28]         1,049,600
│    └─ModuleList: 2-14                            --                        (recursive)
│    │    └─Identity: 3-32                         [1, 1024, 28, 28]         --
│    └─ModuleList: 2-13                            --                        (recursive)
│    │    └─Conv2d: 3-33                           [1, 1024, 28, 28]         1,049,600
│    └─ModuleList: 2-14                            --                        (recursive)
│    │    └─Conv2d: 3-34                           [1, 1024, 14, 14]         9,438,208
│    └─Module: 2-15                                --                        --
│    │    └─Conv2d: 3-35                           [1, 256, 112, 112]        589,824
│    │    └─Conv2d: 3-36                           [1, 256, 56, 56]          1,179,648
│    │    └─Conv2d: 3-37                           [1, 256, 28, 28]          2,359,296
│    │    └─Conv2d: 3-38                           [1, 256, 14, 14]          2,359,296
│    │    └─FeatureFusionBlock: 3-39               [1, 256, 28, 28]          2,426,112
│    │    └─FeatureFusionBlock: 3-40               [1, 256, 56, 56]          2,426,112
│    │    └─FeatureFusionBlock: 3-41               [1, 256, 112, 112]        2,426,112
│    │    └─FeatureFusionBlock: 3-42               [1, 256, 224, 224]        2,426,112
│    │    └─Conv2d: 3-43                           [1, 128, 224, 224]        295,040
│    │    └─Sequential: 3-44                       [1, 1, 392, 392]          36,929
====================================================================================================
Total params: 338,856,129
Trainable params: 338,856,129
Non-trainable params: 0
Total mult-adds (G): 98.70
====================================================================================================
Input size (MB): 1.84
Forward/backward pass size (MB): 2494.55
Params size (MB): 1330.92
Estimated Total Size (MB): 3827.32
====================================================================================================
